// Jest Snapshot v1, https://goo.gl/fbAQLP

exports[`PlantFields renders correctly 1`] = `
<div
  class="PlantFields__BackgroundStyled-sc-1k0boib-0 csTUyi"
>
  <section
    class="PlantFields__PlantFieldsContainer-sc-1k0boib-1 bYJscq"
  >
    <svg
      class="PlantFields__ArrowDown-sc-1k0boib-2 dA-DgKH"
      data-testid="ArrowDown"
    >
      arrow_down.svg
    </svg>
    <section
      class="PlantFields__PlantThumbnail-sc-1k0boib-3 iiNpVI"
    >
      <img
        alt=""
        src="https://bs.floristic.org/image/o/63073d2fbf45b90701279405ecc2eec0272906ed"
      />
      <h2>
        European mountain ash
      </h2>
    </section>
    <div
      class="PlantFields__FieldsWrapper-sc-1k0boib-4 dxAbef"
    >
      <div
        class="PlantFields__FieldsStyled-sc-1k0boib-5 dpQfph"
      >
        <span
          class="PlantFields__Field-sc-1k0boib-6 flvXCG"
        >
          Family
        </span>
        <span
          class="PlantFields__Data-sc-1k0boib-7 hGjkot"
        >
          Rosaceae
        </span>
        <span
          class="PlantFields__Field-sc-1k0boib-6 flvXCG"
        >
          Average-height (cm)
        </span>
        <span
          class="PlantFields__Data-sc-1k0boib-7 hGjkot"
        >
          300
        </span>
        <span
          class="PlantFields__Field-sc-1k0boib-6 flvXCG"
        >
          Minimum-temperature (deg-c)
        </span>
        <span
          class="PlantFields__Data-sc-1k0boib-7 hGjkot"
        >
          -36
        </span>
        <span
          class="PlantFields__Field-sc-1k0boib-6 flvXCG"
        >
          Soil texture 
          <br />
           (0)clay) - (10)rock
        </span>
        <span
          class="PlantFields__Data-sc-1k0boib-7 hGjkot"
        >
          4
        </span>
        <span
          class="PlantFields__Field-sc-1k0boib-6 flvXCG"
        >
          Edible
        </span>
        <span
          class="PlantFields__Data-sc-1k0boib-7 hGjkot"
        >
          no
        </span>
        <span
          class="PlantFields__Field-sc-1k0boib-6 flvXCG"
        >
          Light (1-10)
        </span>
        <span
          class="PlantFields__Data-sc-1k0boib-7 hGjkot"
        >
          7
        </span>
        <span
          class="PlantFields__Field-sc-1k0boib-6 flvXCG"
        >
          Sowing
        </span>
        <span
          class="PlantFields__Data-sc-1k0boib-7 hGjkot"
        >
          Lorem ipsum
        </span>
        <span
          class="PlantFields__Field-sc-1k0boib-6 flvXCG"
        >
          Row spacing
        </span>
        <span
          class="PlantFields__Data-sc-1k0boib-7 hGjkot"
        >
          30
        </span>
        <span
          class="PlantFields__Field-sc-1k0boib-6 flvXCG"
        >
          Days to harvest
        </span>
        <span
          class="PlantFields__Data-sc-1k0boib-7 hGjkot"
        >
          60
        </span>
      </div>
      <p
        class="PlantFields__Text-sc-1k0boib-8 dPEROD"
      >
        Lorem ipsum
      </p>
    </div>
  </section>
</div>
`;
