// Jest Snapshot v1, https://goo.gl/fbAQLP

exports[`Navigation renders correctly 1`] = `
.c0 {
  background-color: #cfd8c6;
  bottom: 0;
  border-top-left-radius: 25px;
  border-top-right-radius: 25px;
  display: -webkit-box;
  display: -webkit-flex;
  display: -ms-flexbox;
  display: flex;
  fill: var(--white);
  -webkit-box-pack: space-around;
  -webkit-justify-content: space-around;
  -ms-flex-pack: space-around;
  justify-content: space-around;
  height: 7%;
  position: fixed;
  padding: 10px 20px;
  width: 100%;
  max-width: 450px;
}

.c3 {
  width: 25px;
}

.c2 {
  width: 25px;
}

.c1 {
  width: 25px;
}

<section
  class="c0"
>
  <a
    aria-current="page"
    class="active"
    href="/"
    style="fill: var(--dark-green);"
  >
    <svg
      class="c1"
    >
      home.svg
    </svg>
  </a>
  <a
    href="/Overview"
  >
    <svg
      class="c2"
    >
      overview.svg
    </svg>
  </a>
  <a
    href="/Spaces"
  >
    <svg
      class="c3"
    >
      spaces.svg
    </svg>
  </a>
</section>
`;
