// Jest Snapshot v1, https://goo.gl/fbAQLP

exports[`PlantFields renders correctly 1`] = `
.c9 {
  display: -webkit-box;
  display: -webkit-flex;
  display: -ms-flexbox;
  display: flex;
  -webkit-box-pack: center;
  -webkit-justify-content: center;
  -ms-flex-pack: center;
  justify-content: center;
  margin-top: 5px;
}

.c10 {
  color: var(--white);
  background-color: var(--dark-green);
  border: none;
  border-radius: 5px;
  width: 100%;
  padding: 15px;
}

.c0 {
  background: var(--medium-grey);
  height: 100%;
  padding: 20px;
}

.c1 {
  border-radius: 6px;
  box-shadow: rgba(0,0,0,0.24) 0px 3px 8px;
  padding: 20px;
  background-color: var(--white);
  overflow: none;
  margin-top: 50px;
}

.c1 .link {
  color: var(--dark-grey);
  -webkit-text-decoration: none;
  text-decoration: none;
}

.c2 {
  fill: var(--dark-green);
  width: 20px;
  position: absolute;
  left: 20px;
  top: 20px;
}

.c3 {
  display: -webkit-box;
  display: -webkit-flex;
  display: -ms-flexbox;
  display: flex;
  -webkit-flex-direction: column;
  -ms-flex-direction: column;
  flex-direction: column;
  -webkit-align-items: center;
  -webkit-box-align: center;
  -ms-flex-align: center;
  align-items: center;
  margin-bottom: 20px;
}

.c3 img {
  height: 100px;
  width: 156px;
  object-fit: cover;
  border-radius: 5px;
  margin-bottom: 5px;
  background: var(--dark-grey);
  background-image: url(perma_logo.svg);
  background-repeat: no-repeat;
}

.c4 {
  max-height: 50vh;
  overflow-y: auto;
  border-top: 0.5px solid var(--light-grey);
}

.c5 {
  display: grid;
  grid-template-columns: 1fr 1fr;
  grid-template-rows: auto;
}

.c6 {
  font-weight: 600;
  color: var(--dark-grey);
  line-height: 1.333;
  font-size: 75%;
  margin-top: 20px;
  margin-bottom: 10px;
}

.c7 {
  opacity: 50%;
}

.c8 {
  font-weight: 400;
  color: var(--dark-grey);
  line-height: 1.333;
  font-size: 75%;
  margin-top: 40px;
  margin-bottom: 10px;
}

<div
  class="c0"
>
  <section
    class="c1"
  >
    <svg
      class="c2"
      data-testid="ArrowDown"
    >
      arrow_down.svg
    </svg>
    <section
      class="c3"
    >
      <img
        alt=""
        src="https://bs.floristic.org/image/o/63073d2fbf45b90701279405ecc2eec0272906ed"
      />
      <h2>
        European mountain ash
      </h2>
    </section>
    <div
      class="c4"
    >
      <div
        class="c5"
      >
        <span
          class="c6 c7"
        >
          Family
        </span>
        <span
          class="c6"
        >
          Rosaceae
        </span>
        <span
          class="c6 c7"
        >
          Average-height (cm)
        </span>
        <span
          class="c6"
        >
          300
        </span>
        <span
          class="c6 c7"
        >
          Minimum-temperature (deg-c)
        </span>
        <span
          class="c6"
        >
          -36
        </span>
        <span
          class="c6 c7"
        >
          Soil texture 
          <br />
           (0)clay) - (10)rock
        </span>
        <span
          class="c6"
        >
          4
        </span>
        <span
          class="c6 c7"
        >
          Edible
        </span>
        <span
          class="c6"
        >
          no
        </span>
        <span
          class="c6 c7"
        >
          Light (1-10)
        </span>
        <span
          class="c6"
        >
          7
        </span>
        <span
          class="c6 c7"
        >
          Sowing
        </span>
        <span
          class="c6"
        >
          Lorem ipsum
        </span>
        <span
          class="c6 c7"
        >
          Row spacing
        </span>
        <span
          class="c6"
        >
          30
        </span>
        <span
          class="c6 c7"
        >
          Days to harvest
        </span>
        <span
          class="c6"
        >
          60
        </span>
      </div>
      <p
        class="c8"
      >
        Lorem ipsum
      </p>
    </div>
    <div
      class="c9"
    >
      <button
        class="c10"
      >
        Add to space
      </button>
    </div>
  </section>
</div>
`;
