// Jest Snapshot v1, https://goo.gl/fbAQLP

exports[`Overview renders correctly 1`] = `
.c1 img {
  height: 100px;
  width: 156px;
  object-fit: cover;
  border-radius: 5px;
  background: var(--darkGrey);
  background-image: url(perma_logo.svg);
  background-repeat: no-repeat;
}

.c0 {
  margin-top: 20px;
  height: 70vh;
  display: grid;
  grid-template-columns: 1fr 1fr;
  grid-auto-rows: min-content;
  place-items: center;
  gap: 20px;
  overflow: auto;
}

<div
  class="c0"
>
  <section
    class="c1"
  >
    <img
      alt=""
      src="https://bs.floristic.org/image/o/63073d2fbf45b90701279405ecc2eec0272906ed"
    />
    <h2>
      Coconut palm
    </h2>
  </section>
  <section
    class="c1"
  >
    <img
      alt=""
      src="https://bs.floristic.org/image/o/63073d2fbf45b90701279405ecc2eec0272906ed"
    />
    <h2>
      Strawberry
    </h2>
  </section>
</div>
`;
