// Jest Snapshot v1, https://goo.gl/fbAQLP

exports[`SpaceOverview renders correctly 1`] = `
.c0 {
  background: var(--mediumGrey);
  width: 100%;
  height: 100%;
  padding: 20px;
}

.c1 {
  border-radius: 6px;
  box-shadow: rgba(0,0,0,0.24) 0px 3px 8px;
  padding: 20px;
  background-color: var(--white);
  width: 100%;
  overflow: none;
  margin-top: 50px;
}

.c1 h2 {
  margin-left: 20px;
  font-weight: 400;
  font-size: 0.6rem;
  opacity: 50%;
}

.c2 {
  fill: var(--darkGreen);
  width: 20px;
  position: absolute;
  left: 20px;
  top: 20px;
}

.c3 {
  margin-top: 20px;
  height: 65vh;
  display: grid;
  grid-template-columns: 1fr 1fr;
  grid-auto-rows: min-content;
  place-items: center;
  gap: 20px;
  overflow: auto;
}

.c3 .link {
  color: var(--darkGrey);
  -webkit-text-decoration: none;
  text-decoration: none;
}

.c5 {
  border: 1px solid var(--mediumGrey);
  height: 100px;
  width: 100px;
  border-radius: 5px;
  display: grid;
  place-items: center;
}

.c8 {
  width: 50%;
  display: block;
  fill: var(--darkGrey);
}

.c6 {
  border: none;
  background-color: var(--lightGreen);
}

.c7 {
  width: 80%;
}

.c4 {
  display: -webkit-box;
  display: -webkit-flex;
  display: -ms-flexbox;
  display: flex;
  -webkit-flex-direction: column;
  -ms-flex-direction: column;
  flex-direction: column;
}

.c4 h2 {
  margin: 3px 0;
  opacity: 100%;
}

<div
  class="c0"
>
  <section
    class="c1"
  >
    <svg
      class="c2"
      data-testid="ArrowDown"
    >
      arrow_down.svg
    </svg>
    <h2>
      Choose a space
    </h2>
    <div
      class="c3"
    >
      <div
        class="c4"
      >
        <div
          class="c5 c6"
        >
          <svg
            class="c7"
          >
            banana.svg
          </svg>
        </div>
        <h2>
          Vegetables
        </h2>
      </div>
      <div
        class="c4"
      >
        <div
          class="c5 c6"
        >
          <svg
            class="c7"
          >
            banana.svg
          </svg>
        </div>
        <h2>
          Fruits
        </h2>
      </div>
      <div
        class="c4"
      >
        <div
          class="c5"
        >
          <svg
            class="c8"
          >
            plus.svg
          </svg>
        </div>
        <h2>
          Create a new space
        </h2>
      </div>
    </div>
  </section>
</div>
`;
